// Jest Snapshot v1, https://goo.gl/fbAQLP

exports[`AudioCardSection matches snapshot 1`] = `
<DocumentFragment>
  <section>
    <header
      class="mb-12"
    >
      <h2
        class="text-2xl"
      >
        Audio Cards
      </h2>
      <p
        class="text-silver"
      >
        Cards with embedded audio players using ReactPlayer. Supports MP3, SoundCloud, and more.
      </p>
    </header>
    <div
      class="space-y-12"
    >
      <div>
        <h3
          class="text-lg font-semibold mb-2"
        >
          Standalone Audio Card
        </h3>
        <p
          class="text-silver text-sm mb-4"
        >
          A dedicated component for audio content with built-in layout and typography.
        </p>
        <div
          class="grid grid-cols-1 md:grid-cols-2 gap-6 items-start"
        >
          <div
            class="rounded-none relative bg-charcoal shadow-sm border border-gold/30 p-0 overflow-hidden group w-full"
          >
            <div
              class="relative bg-obsidian py-8 flex flex-col items-center justify-center border-b border-ash"
            >
              <div
                class="mb-4 text-gold"
              >
                <svg
                  aria-hidden="true"
                  class="lucide lucide-music"
                  fill="none"
                  height="48"
                  stroke="currentColor"
                  stroke-linecap="round"
                  stroke-linejoin="round"
                  stroke-width="2"
                  viewBox="0 0 24 24"
                  width="48"
                  xmlns="http://www.w3.org/2000/svg"
                >
                  <path
                    d="M9 18V5l12-2v13"
                  />
                  <circle
                    cx="6"
                    cy="18"
                    r="3"
                  />
                  <circle
                    cx="18"
                    cy="16"
                    r="3"
                  />
                </svg>
              </div>
              <div
                class="w-full px-4"
              >
                <div
                  config="[object Object]"
                  data-src="https://www.soundhelix.com/examples/mp3/SoundHelix-Song-1.mp3"
                  data-testid="mock-react-player"
                  height="40px"
                  style="background-color: transparent;"
                  width="100%"
                />
              </div>
            </div>
            <div
              class="px-4 py-4"
            >
              <h4
                class="text-lg font-semibold leading-tight"
              >
                Aurelius Audio Showcase
              </h4>
              <p
                class="text-sm text-silver leading-normal mt-1"
              >
                Demonstrating audio support in cards
              </p>
            </div>
          </div>
        </div>
      </div>
    </div>
  </section>
</DocumentFragment>
`;
