// Jest Snapshot v1, https://goo.gl/fbAQLP

exports[`ButtonsSection matches snapshot 1`] = `
<div>
  <div>
    <header
      class="section-header"
    >
      <h2
        class="text-2xl"
      >
        Buttons
      </h2>
      <p
        class="text-silver"
      >
        All variants and sizes, including disabled and loading states.
      </p>
    </header>
    <div
      class="overflow-x-auto"
    >
      <table
        class="min-w-full text-left text-sm"
      >
        <thead
          class="text-silver"
        >
          <tr>
            <th
              class="py-2 pr-4"
            >
              Variant
            </th>
            <th
              class="py-2 pr-4 font-medium"
            >
              sm
            </th>
            <th
              class="py-2 pr-4 font-medium"
            >
              md
            </th>
            <th
              class="py-2 pr-4 font-medium"
            >
              lg
            </th>
            <th
              class="py-2 pr-4 font-medium"
            >
              xl
            </th>
            <th
              class="py-2 pr-4"
            >
              Disabled
            </th>
            <th
              class="py-2 pr-4"
            >
              Loading
            </th>
          </tr>
        </thead>
        <tbody>
          <tr
            class="border-t border-ash/50"
          >
            <td
              class="py-3 pr-4 font-mono text-white"
            >
              primary
            </td>
            <td
              class="py-3 pr-4"
            >
              <button
                class="inline-flex items-center justify-center font-semibold tracking-wide transition-all duration-fast rounded-none disabled:opacity-50 disabled:cursor-not-allowed bg-charcoal text-white border border-gold/30 hover:border-gold hover:shadow-glow hover:text-gold-light active:bg-white/5 focus-visible:ring-2 focus-visible:ring-gold focus-visible:ring-offset-2 focus-visible:ring-offset-obsidian h-8 px-3 text-sm"
              >
                primary
                 
                sm
              </button>
            </td>
            <td
              class="py-3 pr-4"
            >
              <button
                class="inline-flex items-center justify-center font-semibold tracking-wide transition-all duration-fast rounded-none disabled:opacity-50 disabled:cursor-not-allowed bg-charcoal text-white border border-gold/30 hover:border-gold hover:shadow-glow hover:text-gold-light active:bg-white/5 focus-visible:ring-2 focus-visible:ring-gold focus-visible:ring-offset-2 focus-visible:ring-offset-obsidian h-10 px-4 text-sm"
              >
                primary
                 
                md
              </button>
            </td>
            <td
              class="py-3 pr-4"
            >
              <button
                class="inline-flex items-center justify-center font-semibold tracking-wide transition-all duration-fast rounded-none disabled:opacity-50 disabled:cursor-not-allowed bg-charcoal text-white border border-gold/30 hover:border-gold hover:shadow-glow hover:text-gold-light active:bg-white/5 focus-visible:ring-2 focus-visible:ring-gold focus-visible:ring-offset-2 focus-visible:ring-offset-obsidian h-12 px-6 text-base"
              >
                primary
                 
                lg
              </button>
            </td>
            <td
              class="py-3 pr-4"
            >
              <button
                class="inline-flex items-center justify-center font-semibold tracking-wide transition-all duration-fast rounded-none disabled:opacity-50 disabled:cursor-not-allowed bg-charcoal text-white border border-gold/30 hover:border-gold hover:shadow-glow hover:text-gold-light active:bg-white/5 focus-visible:ring-2 focus-visible:ring-gold focus-visible:ring-offset-2 focus-visible:ring-offset-obsidian h-14 px-8 text-lg"
              >
                primary
                 
                xl
              </button>
            </td>
            <td
              class="py-3 pr-4"
            >
              <button
                class="inline-flex items-center justify-center font-semibold tracking-wide transition-all duration-fast rounded-none disabled:opacity-50 disabled:cursor-not-allowed bg-charcoal text-white border border-gold/30 hover:border-gold hover:shadow-glow hover:text-gold-light active:bg-white/5 focus-visible:ring-2 focus-visible:ring-gold focus-visible:ring-offset-2 focus-visible:ring-offset-obsidian h-10 px-4 text-sm"
                disabled=""
              >
                Disabled
              </button>
            </td>
            <td
              class="py-3 pr-4"
            >
              <button
                class="inline-flex items-center justify-center font-semibold tracking-wide transition-all duration-fast rounded-none disabled:opacity-50 disabled:cursor-not-allowed bg-charcoal text-white border border-gold/30 hover:border-gold hover:shadow-glow hover:text-gold-light active:bg-white/5 focus-visible:ring-2 focus-visible:ring-gold focus-visible:ring-offset-2 focus-visible:ring-offset-obsidian h-10 px-4 text-sm opacity-80"
                disabled=""
              >
                <span
                  aria-hidden="true"
                  class="mr-2 inline-block h-4 w-4 animate-pulse rounded-full bg-gold"
                />
                Loading
              </button>
            </td>
          </tr>
          <tr
            class="border-t border-ash/50"
          >
            <td
              class="py-3 pr-4 font-mono text-white"
            >
              important
            </td>
            <td
              class="py-3 pr-4"
            >
              <button
                class="inline-flex items-center justify-center font-semibold tracking-wide transition-all duration-fast rounded-none disabled:opacity-50 disabled:cursor-not-allowed bg-gold text-obsidian border border-gold hover:bg-gold-light hover:text-obsidian active:bg-gold-bright focus-visible:ring-2 focus-visible:ring-gold focus-visible:ring-offset-2 focus-visible:ring-offset-obsidian h-8 px-3 text-sm"
              >
                important
                 
                sm
              </button>
            </td>
            <td
              class="py-3 pr-4"
            >
              <button
                class="inline-flex items-center justify-center font-semibold tracking-wide transition-all duration-fast rounded-none disabled:opacity-50 disabled:cursor-not-allowed bg-gold text-obsidian border border-gold hover:bg-gold-light hover:text-obsidian active:bg-gold-bright focus-visible:ring-2 focus-visible:ring-gold focus-visible:ring-offset-2 focus-visible:ring-offset-obsidian h-10 px-4 text-sm"
              >
                important
                 
                md
              </button>
            </td>
            <td
              class="py-3 pr-4"
            >
              <button
                class="inline-flex items-center justify-center font-semibold tracking-wide transition-all duration-fast rounded-none disabled:opacity-50 disabled:cursor-not-allowed bg-gold text-obsidian border border-gold hover:bg-gold-light hover:text-obsidian active:bg-gold-bright focus-visible:ring-2 focus-visible:ring-gold focus-visible:ring-offset-2 focus-visible:ring-offset-obsidian h-12 px-6 text-base"
              >
                important
                 
                lg
              </button>
            </td>
            <td
              class="py-3 pr-4"
            >
              <button
                class="inline-flex items-center justify-center font-semibold tracking-wide transition-all duration-fast rounded-none disabled:opacity-50 disabled:cursor-not-allowed bg-gold text-obsidian border border-gold hover:bg-gold-light hover:text-obsidian active:bg-gold-bright focus-visible:ring-2 focus-visible:ring-gold focus-visible:ring-offset-2 focus-visible:ring-offset-obsidian h-14 px-8 text-lg"
              >
                important
                 
                xl
              </button>
            </td>
            <td
              class="py-3 pr-4"
            >
              <button
                class="inline-flex items-center justify-center font-semibold tracking-wide transition-all duration-fast rounded-none disabled:opacity-50 disabled:cursor-not-allowed bg-gold text-obsidian border border-gold hover:bg-gold-light hover:text-obsidian active:bg-gold-bright focus-visible:ring-2 focus-visible:ring-gold focus-visible:ring-offset-2 focus-visible:ring-offset-obsidian h-10 px-4 text-sm"
                disabled=""
              >
                Disabled
              </button>
            </td>
            <td
              class="py-3 pr-4"
            >
              <button
                class="inline-flex items-center justify-center font-semibold tracking-wide transition-all duration-fast rounded-none disabled:opacity-50 disabled:cursor-not-allowed bg-gold text-obsidian border border-gold hover:bg-gold-light hover:text-obsidian active:bg-gold-bright focus-visible:ring-2 focus-visible:ring-gold focus-visible:ring-offset-2 focus-visible:ring-offset-obsidian h-10 px-4 text-sm opacity-80"
                disabled=""
              >
                <span
                  aria-hidden="true"
                  class="mr-2 inline-block h-4 w-4 animate-pulse rounded-full bg-gold"
                />
                Loading
              </button>
            </td>
          </tr>
          <tr
            class="border-t border-ash/50"
          >
            <td
              class="py-3 pr-4 font-mono text-white"
            >
              elevated
            </td>
            <td
              class="py-3 pr-4"
            >
              <button
                class="inline-flex items-center justify-center font-semibold tracking-wide transition-all duration-fast rounded-none disabled:opacity-50 disabled:cursor-not-allowed bg-charcoal text-white border-0 shadow-lg hover:shadow-xl hover:text-gold-light active:bg-white/5 focus-visible:ring-2 focus-visible:ring-gold focus-visible:ring-offset-2 focus-visible:ring-offset-obsidian h-8 px-3 text-sm"
              >
                elevated
                 
                sm
              </button>
            </td>
            <td
              class="py-3 pr-4"
            >
              <button
                class="inline-flex items-center justify-center font-semibold tracking-wide transition-all duration-fast rounded-none disabled:opacity-50 disabled:cursor-not-allowed bg-charcoal text-white border-0 shadow-lg hover:shadow-xl hover:text-gold-light active:bg-white/5 focus-visible:ring-2 focus-visible:ring-gold focus-visible:ring-offset-2 focus-visible:ring-offset-obsidian h-10 px-4 text-sm"
              >
                elevated
                 
                md
              </button>
            </td>
            <td
              class="py-3 pr-4"
            >
              <button
                class="inline-flex items-center justify-center font-semibold tracking-wide transition-all duration-fast rounded-none disabled:opacity-50 disabled:cursor-not-allowed bg-charcoal text-white border-0 shadow-lg hover:shadow-xl hover:text-gold-light active:bg-white/5 focus-visible:ring-2 focus-visible:ring-gold focus-visible:ring-offset-2 focus-visible:ring-offset-obsidian h-12 px-6 text-base"
              >
                elevated
                 
                lg
              </button>
            </td>
            <td
              class="py-3 pr-4"
            >
              <button
                class="inline-flex items-center justify-center font-semibold tracking-wide transition-all duration-fast rounded-none disabled:opacity-50 disabled:cursor-not-allowed bg-charcoal text-white border-0 shadow-lg hover:shadow-xl hover:text-gold-light active:bg-white/5 focus-visible:ring-2 focus-visible:ring-gold focus-visible:ring-offset-2 focus-visible:ring-offset-obsidian h-14 px-8 text-lg"
              >
                elevated
                 
                xl
              </button>
            </td>
            <td
              class="py-3 pr-4"
            >
              <button
                class="inline-flex items-center justify-center font-semibold tracking-wide transition-all duration-fast rounded-none disabled:opacity-50 disabled:cursor-not-allowed bg-charcoal text-white border-0 shadow-lg hover:shadow-xl hover:text-gold-light active:bg-white/5 focus-visible:ring-2 focus-visible:ring-gold focus-visible:ring-offset-2 focus-visible:ring-offset-obsidian h-10 px-4 text-sm"
                disabled=""
              >
                Disabled
              </button>
            </td>
            <td
              class="py-3 pr-4"
            >
              <button
                class="inline-flex items-center justify-center font-semibold tracking-wide transition-all duration-fast rounded-none disabled:opacity-50 disabled:cursor-not-allowed bg-charcoal text-white border-0 shadow-lg hover:shadow-xl hover:text-gold-light active:bg-white/5 focus-visible:ring-2 focus-visible:ring-gold focus-visible:ring-offset-2 focus-visible:ring-offset-obsidian h-10 px-4 text-sm opacity-80"
                disabled=""
              >
                <span
                  aria-hidden="true"
                  class="mr-2 inline-block h-4 w-4 animate-pulse rounded-full bg-gold"
                />
                Loading
              </button>
            </td>
          </tr>
          <tr
            class="border-t border-ash/50"
          >
            <td
              class="py-3 pr-4 font-mono text-white"
            >
              outlined
            </td>
            <td
              class="py-3 pr-4"
            >
              <button
                class="inline-flex items-center justify-center font-semibold tracking-wide transition-all duration-fast rounded-none disabled:opacity-50 disabled:cursor-not-allowed bg-transparent text-white border border-ash hover:border-white hover:text-white active:bg-white/5 focus-visible:ring-2 focus-visible:ring-gold focus-visible:ring-offset-2 focus-visible:ring-offset-obsidian h-8 px-3 text-sm"
              >
                outlined
                 
                sm
              </button>
            </td>
            <td
              class="py-3 pr-4"
            >
              <button
                class="inline-flex items-center justify-center font-semibold tracking-wide transition-all duration-fast rounded-none disabled:opacity-50 disabled:cursor-not-allowed bg-transparent text-white border border-ash hover:border-white hover:text-white active:bg-white/5 focus-visible:ring-2 focus-visible:ring-gold focus-visible:ring-offset-2 focus-visible:ring-offset-obsidian h-10 px-4 text-sm"
              >
                outlined
                 
                md
              </button>
            </td>
            <td
              class="py-3 pr-4"
            >
              <button
                class="inline-flex items-center justify-center font-semibold tracking-wide transition-all duration-fast rounded-none disabled:opacity-50 disabled:cursor-not-allowed bg-transparent text-white border border-ash hover:border-white hover:text-white active:bg-white/5 focus-visible:ring-2 focus-visible:ring-gold focus-visible:ring-offset-2 focus-visible:ring-offset-obsidian h-12 px-6 text-base"
              >
                outlined
                 
                lg
              </button>
            </td>
            <td
              class="py-3 pr-4"
            >
              <button
                class="inline-flex items-center justify-center font-semibold tracking-wide transition-all duration-fast rounded-none disabled:opacity-50 disabled:cursor-not-allowed bg-transparent text-white border border-ash hover:border-white hover:text-white active:bg-white/5 focus-visible:ring-2 focus-visible:ring-gold focus-visible:ring-offset-2 focus-visible:ring-offset-obsidian h-14 px-8 text-lg"
              >
                outlined
                 
                xl
              </button>
            </td>
            <td
              class="py-3 pr-4"
            >
              <button
                class="inline-flex items-center justify-center font-semibold tracking-wide transition-all duration-fast rounded-none disabled:opacity-50 disabled:cursor-not-allowed bg-transparent text-white border border-ash hover:border-white hover:text-white active:bg-white/5 focus-visible:ring-2 focus-visible:ring-gold focus-visible:ring-offset-2 focus-visible:ring-offset-obsidian h-10 px-4 text-sm"
                disabled=""
              >
                Disabled
              </button>
            </td>
            <td
              class="py-3 pr-4"
            >
              <button
                class="inline-flex items-center justify-center font-semibold tracking-wide transition-all duration-fast rounded-none disabled:opacity-50 disabled:cursor-not-allowed bg-transparent text-white border border-ash hover:border-white hover:text-white active:bg-white/5 focus-visible:ring-2 focus-visible:ring-gold focus-visible:ring-offset-2 focus-visible:ring-offset-obsidian h-10 px-4 text-sm opacity-80"
                disabled=""
              >
                <span
                  aria-hidden="true"
                  class="mr-2 inline-block h-4 w-4 animate-pulse rounded-full bg-gold"
                />
                Loading
              </button>
            </td>
          </tr>
          <tr
            class="border-t border-ash/50"
          >
            <td
              class="py-3 pr-4 font-mono text-white"
            >
              featured
            </td>
            <td
              class="py-3 pr-4"
            >
              <button
                class="inline-flex items-center justify-center font-semibold tracking-wide transition-all duration-fast rounded-none disabled:opacity-50 disabled:cursor-not-allowed bg-charcoal text-white border border-gold shadow-[0_0_10px_rgba(201,162,39,0.2)] hover:shadow-[0_0_15px_rgba(201,162,39,0.4)] hover:text-gold-light active:bg-white/5 focus-visible:ring-2 focus-visible:ring-gold focus-visible:ring-offset-2 focus-visible:ring-offset-obsidian h-8 px-3 text-sm"
              >
                featured
                 
                sm
              </button>
            </td>
            <td
              class="py-3 pr-4"
            >
              <button
                class="inline-flex items-center justify-center font-semibold tracking-wide transition-all duration-fast rounded-none disabled:opacity-50 disabled:cursor-not-allowed bg-charcoal text-white border border-gold shadow-[0_0_10px_rgba(201,162,39,0.2)] hover:shadow-[0_0_15px_rgba(201,162,39,0.4)] hover:text-gold-light active:bg-white/5 focus-visible:ring-2 focus-visible:ring-gold focus-visible:ring-offset-2 focus-visible:ring-offset-obsidian h-10 px-4 text-sm"
              >
                featured
                 
                md
              </button>
            </td>
            <td
              class="py-3 pr-4"
            >
              <button
                class="inline-flex items-center justify-center font-semibold tracking-wide transition-all duration-fast rounded-none disabled:opacity-50 disabled:cursor-not-allowed bg-charcoal text-white border border-gold shadow-[0_0_10px_rgba(201,162,39,0.2)] hover:shadow-[0_0_15px_rgba(201,162,39,0.4)] hover:text-gold-light active:bg-white/5 focus-visible:ring-2 focus-visible:ring-gold focus-visible:ring-offset-2 focus-visible:ring-offset-obsidian h-12 px-6 text-base"
              >
                featured
                 
                lg
              </button>
            </td>
            <td
              class="py-3 pr-4"
            >
              <button
                class="inline-flex items-center justify-center font-semibold tracking-wide transition-all duration-fast rounded-none disabled:opacity-50 disabled:cursor-not-allowed bg-charcoal text-white border border-gold shadow-[0_0_10px_rgba(201,162,39,0.2)] hover:shadow-[0_0_15px_rgba(201,162,39,0.4)] hover:text-gold-light active:bg-white/5 focus-visible:ring-2 focus-visible:ring-gold focus-visible:ring-offset-2 focus-visible:ring-offset-obsidian h-14 px-8 text-lg"
              >
                featured
                 
                xl
              </button>
            </td>
            <td
              class="py-3 pr-4"
            >
              <button
                class="inline-flex items-center justify-center font-semibold tracking-wide transition-all duration-fast rounded-none disabled:opacity-50 disabled:cursor-not-allowed bg-charcoal text-white border border-gold shadow-[0_0_10px_rgba(201,162,39,0.2)] hover:shadow-[0_0_15px_rgba(201,162,39,0.4)] hover:text-gold-light active:bg-white/5 focus-visible:ring-2 focus-visible:ring-gold focus-visible:ring-offset-2 focus-visible:ring-offset-obsidian h-10 px-4 text-sm"
                disabled=""
              >
                Disabled
              </button>
            </td>
            <td
              class="py-3 pr-4"
            >
              <button
                class="inline-flex items-center justify-center font-semibold tracking-wide transition-all duration-fast rounded-none disabled:opacity-50 disabled:cursor-not-allowed bg-charcoal text-white border border-gold shadow-[0_0_10px_rgba(201,162,39,0.2)] hover:shadow-[0_0_15px_rgba(201,162,39,0.4)] hover:text-gold-light active:bg-white/5 focus-visible:ring-2 focus-visible:ring-gold focus-visible:ring-offset-2 focus-visible:ring-offset-obsidian h-10 px-4 text-sm opacity-80"
                disabled=""
              >
                <span
                  aria-hidden="true"
                  class="mr-2 inline-block h-4 w-4 animate-pulse rounded-full bg-gold"
                />
                Loading
              </button>
            </td>
          </tr>
          <tr
            class="border-t border-ash/50"
          >
            <td
              class="py-3 pr-4 font-mono text-white"
            >
              ghost
            </td>
            <td
              class="py-3 pr-4"
            >
              <button
                class="inline-flex items-center justify-center font-semibold tracking-wide transition-all duration-fast rounded-none disabled:opacity-50 disabled:cursor-not-allowed bg-transparent text-gold border-0 hover:text-gold-light active:text-gold-bright focus-visible:ring-2 focus-visible:ring-gold focus-visible:ring-offset-2 focus-visible:ring-offset-obsidian h-8 px-3 text-sm"
              >
                ghost
                 
                sm
              </button>
            </td>
            <td
              class="py-3 pr-4"
            >
              <button
                class="inline-flex items-center justify-center font-semibold tracking-wide transition-all duration-fast rounded-none disabled:opacity-50 disabled:cursor-not-allowed bg-transparent text-gold border-0 hover:text-gold-light active:text-gold-bright focus-visible:ring-2 focus-visible:ring-gold focus-visible:ring-offset-2 focus-visible:ring-offset-obsidian h-10 px-4 text-sm"
              >
                ghost
                 
                md
              </button>
            </td>
            <td
              class="py-3 pr-4"
            >
              <button
                class="inline-flex items-center justify-center font-semibold tracking-wide transition-all duration-fast rounded-none disabled:opacity-50 disabled:cursor-not-allowed bg-transparent text-gold border-0 hover:text-gold-light active:text-gold-bright focus-visible:ring-2 focus-visible:ring-gold focus-visible:ring-offset-2 focus-visible:ring-offset-obsidian h-12 px-6 text-base"
              >
                ghost
                 
                lg
              </button>
            </td>
            <td
              class="py-3 pr-4"
            >
              <button
                class="inline-flex items-center justify-center font-semibold tracking-wide transition-all duration-fast rounded-none disabled:opacity-50 disabled:cursor-not-allowed bg-transparent text-gold border-0 hover:text-gold-light active:text-gold-bright focus-visible:ring-2 focus-visible:ring-gold focus-visible:ring-offset-2 focus-visible:ring-offset-obsidian h-14 px-8 text-lg"
              >
                ghost
                 
                xl
              </button>
            </td>
            <td
              class="py-3 pr-4"
            >
              <button
                class="inline-flex items-center justify-center font-semibold tracking-wide transition-all duration-fast rounded-none disabled:opacity-50 disabled:cursor-not-allowed bg-transparent text-gold border-0 hover:text-gold-light active:text-gold-bright focus-visible:ring-2 focus-visible:ring-gold focus-visible:ring-offset-2 focus-visible:ring-offset-obsidian h-10 px-4 text-sm"
                disabled=""
              >
                Disabled
              </button>
            </td>
            <td
              class="py-3 pr-4"
            >
              <button
                class="inline-flex items-center justify-center font-semibold tracking-wide transition-all duration-fast rounded-none disabled:opacity-50 disabled:cursor-not-allowed bg-transparent text-gold border-0 hover:text-gold-light active:text-gold-bright focus-visible:ring-2 focus-visible:ring-gold focus-visible:ring-offset-2 focus-visible:ring-offset-obsidian h-10 px-4 text-sm opacity-80"
                disabled=""
              >
                <span
                  aria-hidden="true"
                  class="mr-2 inline-block h-4 w-4 animate-pulse rounded-full bg-gold"
                />
                Loading
              </button>
            </td>
          </tr>
          <tr
            class="border-t border-ash/50"
          >
            <td
              class="py-3 pr-4 font-mono text-white"
            >
              danger
            </td>
            <td
              class="py-3 pr-4"
            >
              <button
                class="inline-flex items-center justify-center font-semibold tracking-wide transition-all duration-fast rounded-none disabled:opacity-50 disabled:cursor-not-allowed bg-error text-white border-0 hover:bg-error/90 active:bg-error/80 focus-visible:ring-2 focus-visible:ring-error focus-visible:ring-offset-2 focus-visible:ring-offset-obsidian h-8 px-3 text-sm"
              >
                danger
                 
                sm
              </button>
            </td>
            <td
              class="py-3 pr-4"
            >
              <button
                class="inline-flex items-center justify-center font-semibold tracking-wide transition-all duration-fast rounded-none disabled:opacity-50 disabled:cursor-not-allowed bg-error text-white border-0 hover:bg-error/90 active:bg-error/80 focus-visible:ring-2 focus-visible:ring-error focus-visible:ring-offset-2 focus-visible:ring-offset-obsidian h-10 px-4 text-sm"
              >
                danger
                 
                md
              </button>
            </td>
            <td
              class="py-3 pr-4"
            >
              <button
                class="inline-flex items-center justify-center font-semibold tracking-wide transition-all duration-fast rounded-none disabled:opacity-50 disabled:cursor-not-allowed bg-error text-white border-0 hover:bg-error/90 active:bg-error/80 focus-visible:ring-2 focus-visible:ring-error focus-visible:ring-offset-2 focus-visible:ring-offset-obsidian h-12 px-6 text-base"
              >
                danger
                 
                lg
              </button>
            </td>
            <td
              class="py-3 pr-4"
            >
              <button
                class="inline-flex items-center justify-center font-semibold tracking-wide transition-all duration-fast rounded-none disabled:opacity-50 disabled:cursor-not-allowed bg-error text-white border-0 hover:bg-error/90 active:bg-error/80 focus-visible:ring-2 focus-visible:ring-error focus-visible:ring-offset-2 focus-visible:ring-offset-obsidian h-14 px-8 text-lg"
              >
                danger
                 
                xl
              </button>
            </td>
            <td
              class="py-3 pr-4"
            >
              <button
                class="inline-flex items-center justify-center font-semibold tracking-wide transition-all duration-fast rounded-none disabled:opacity-50 disabled:cursor-not-allowed bg-error text-white border-0 hover:bg-error/90 active:bg-error/80 focus-visible:ring-2 focus-visible:ring-error focus-visible:ring-offset-2 focus-visible:ring-offset-obsidian h-10 px-4 text-sm"
                disabled=""
              >
                Disabled
              </button>
            </td>
            <td
              class="py-3 pr-4"
            >
              <button
                class="inline-flex items-center justify-center font-semibold tracking-wide transition-all duration-fast rounded-none disabled:opacity-50 disabled:cursor-not-allowed bg-error text-white border-0 hover:bg-error/90 active:bg-error/80 focus-visible:ring-2 focus-visible:ring-error focus-visible:ring-offset-2 focus-visible:ring-offset-obsidian h-10 px-4 text-sm opacity-80"
                disabled=""
              >
                <span
                  aria-hidden="true"
                  class="mr-2 inline-block h-4 w-4 animate-pulse rounded-full bg-gold"
                />
                Loading
              </button>
            </td>
          </tr>
        </tbody>
      </table>
    </div>
  </div>
</div>
`;
