// Jest Snapshot v1, https://goo.gl/fbAQLP

exports[`FormsSection matches snapshot 1`] = `
<div>
  <section
    class="space-y-8"
  >
    <header
      class="section-header"
    >
      <h2
        class="text-2xl"
      >
        Form Elements
      </h2>
      <p
        class="text-silver"
      >
        Standard form components with consistent styling.
      </p>
    </header>
    <div
      class="grid grid-cols-1 gap-8 md:grid-cols-2"
    >
      <div
        class="rounded-none relative p-6 bg-charcoal shadow-sm border border-gold/30 p-6 space-y-4 md:col-span-2"
      >
        <h3
          class="text-gold font-medium"
        >
          Input Group
        </h3>
        <p
          class="text-sm text-silver"
        >
          Combine inputs with addons and elements for enhanced form fields.
        </p>
        <div
          class="grid grid-cols-1 gap-4 md:grid-cols-2"
        >
          <div>
            <label
              class="block text-sm font-medium text-silver mb-1.5"
            >
              With Addons
            </label>
            <div
              class="flex"
            >
              <div
                class="flex items-center px-3 bg-slate border border-r-0 border-ash text-sm text-silver whitespace-nowrap"
              >
                https://
              </div>
              <div
                class="relative"
              >
                <input
                  class="w-full h-10 px-3 bg-graphite border border-ash rounded-none text-white placeholder:text-zinc transition-all duration-fast focus:border-gold focus:ring-1 focus:ring-gold focus:outline-none disabled:bg-slate disabled:text-dim disabled:cursor-not-allowed"
                  placeholder="example.com"
                />
              </div>
            </div>
          </div>
          <div>
            <label
              class="block text-sm font-medium text-silver mb-1.5"
            >
              With Right Addon
            </label>
            <div
              class="flex"
            >
              <div
                class="relative"
              >
                <input
                  class="w-full h-10 px-3 bg-graphite border border-ash rounded-none text-white placeholder:text-zinc transition-all duration-fast focus:border-gold focus:ring-1 focus:ring-gold focus:outline-none disabled:bg-slate disabled:text-dim disabled:cursor-not-allowed"
                  placeholder="Amount"
                />
              </div>
              <div
                class="flex items-center px-3 bg-slate border border-l-0 border-ash text-sm text-silver whitespace-nowrap"
              >
                .00
              </div>
            </div>
          </div>
          <div>
            <label
              class="block text-sm font-medium text-silver mb-1.5"
            >
              With Icon Elements
            </label>
            <div
              class="flex"
            >
              <div
                class="absolute left-0 inset-y-0 flex items-center pl-3 pointer-events-none text-silver"
              >
                <svg
                  aria-hidden="true"
                  class="lucide lucide-search h-4 w-4 text-silver"
                  fill="none"
                  height="24"
                  stroke="currentColor"
                  stroke-linecap="round"
                  stroke-linejoin="round"
                  stroke-width="2"
                  viewBox="0 0 24 24"
                  width="24"
                  xmlns="http://www.w3.org/2000/svg"
                >
                  <path
                    d="m21 21-4.34-4.34"
                  />
                  <circle
                    cx="11"
                    cy="11"
                    r="8"
                  />
                </svg>
              </div>
              <div
                class="relative"
              >
                <input
                  class="w-full h-10 px-3 bg-graphite border border-ash rounded-none text-white placeholder:text-zinc transition-all duration-fast focus:border-gold focus:ring-1 focus:ring-gold focus:outline-none disabled:bg-slate disabled:text-dim disabled:cursor-not-allowed"
                  placeholder="Search..."
                />
              </div>
            </div>
          </div>
          <div>
            <label
              class="block text-sm font-medium text-silver mb-1.5"
            >
              Password with Toggle
            </label>
            <div
              class="flex"
            >
              <div
                class="absolute left-0 inset-y-0 flex items-center pl-3 pointer-events-none text-silver"
              >
                <svg
                  aria-hidden="true"
                  class="lucide lucide-mail h-4 w-4 text-silver"
                  fill="none"
                  height="24"
                  stroke="currentColor"
                  stroke-linecap="round"
                  stroke-linejoin="round"
                  stroke-width="2"
                  viewBox="0 0 24 24"
                  width="24"
                  xmlns="http://www.w3.org/2000/svg"
                >
                  <path
                    d="m22 7-8.991 5.727a2 2 0 0 1-2.009 0L2 7"
                  />
                  <rect
                    height="16"
                    rx="2"
                    width="20"
                    x="2"
                    y="4"
                  />
                </svg>
              </div>
              <div
                class="relative"
              >
                <input
                  class="w-full h-10 px-3 bg-graphite border border-ash rounded-none text-white placeholder:text-zinc transition-all duration-fast focus:border-gold focus:ring-1 focus:ring-gold focus:outline-none disabled:bg-slate disabled:text-dim disabled:cursor-not-allowed"
                  placeholder="Password"
                  type="password"
                />
              </div>
              <div
                class="absolute right-0 inset-y-0 flex items-center pr-3"
              >
                <button
                  class="text-silver hover:text-white transition-colors"
                  type="button"
                >
                  <svg
                    aria-hidden="true"
                    class="lucide lucide-eye h-4 w-4"
                    fill="none"
                    height="24"
                    stroke="currentColor"
                    stroke-linecap="round"
                    stroke-linejoin="round"
                    stroke-width="2"
                    viewBox="0 0 24 24"
                    width="24"
                    xmlns="http://www.w3.org/2000/svg"
                  >
                    <path
                      d="M2.062 12.348a1 1 0 0 1 0-.696 10.75 10.75 0 0 1 19.876 0 1 1 0 0 1 0 .696 10.75 10.75 0 0 1-19.876 0"
                    />
                    <circle
                      cx="12"
                      cy="12"
                      r="3"
                    />
                  </svg>
                </button>
              </div>
            </div>
          </div>
          <div>
            <label
              class="block text-sm font-medium text-silver mb-1.5"
            >
              Combined
            </label>
            <div
              class="flex"
            >
              <div
                class="flex items-center px-3 bg-slate border border-r-0 border-ash text-sm text-silver whitespace-nowrap"
              >
                <svg
                  aria-hidden="true"
                  class="lucide lucide-dollar-sign h-4 w-4"
                  fill="none"
                  height="24"
                  stroke="currentColor"
                  stroke-linecap="round"
                  stroke-linejoin="round"
                  stroke-width="2"
                  viewBox="0 0 24 24"
                  width="24"
                  xmlns="http://www.w3.org/2000/svg"
                >
                  <line
                    x1="12"
                    x2="12"
                    y1="2"
                    y2="22"
                  />
                  <path
                    d="M17 5H9.5a3.5 3.5 0 0 0 0 7h5a3.5 3.5 0 0 1 0 7H6"
                  />
                </svg>
              </div>
              <div
                class="relative"
              >
                <input
                  class="w-full h-10 px-3 bg-graphite border border-ash rounded-none text-white placeholder:text-zinc transition-all duration-fast focus:border-gold focus:ring-1 focus:ring-gold focus:outline-none disabled:bg-slate disabled:text-dim disabled:cursor-not-allowed"
                  placeholder="0.00"
                />
              </div>
              <div
                class="flex items-center px-3 bg-slate border border-l-0 border-ash text-sm text-silver whitespace-nowrap"
              >
                USD
              </div>
            </div>
          </div>
          <div>
            <label
              class="block text-sm font-medium text-silver mb-1.5"
            >
              With Button
            </label>
            <div
              class="flex"
            >
              <div
                class="relative"
              >
                <input
                  class="w-full h-10 px-3 bg-graphite border border-ash rounded-none text-white placeholder:text-zinc transition-all duration-fast focus:border-gold focus:ring-1 focus:ring-gold focus:outline-none disabled:bg-slate disabled:text-dim disabled:cursor-not-allowed"
                  placeholder="Enter email..."
                />
              </div>
              <button
                class="inline-flex items-center justify-center font-semibold tracking-wide transition-all duration-fast rounded-none disabled:opacity-50 disabled:cursor-not-allowed bg-charcoal text-white border border-gold/30 hover:border-gold hover:shadow-glow hover:text-gold-light active:bg-white/5 focus-visible:ring-2 focus-visible:ring-gold focus-visible:ring-offset-2 focus-visible:ring-offset-obsidian h-8 px-3 text-sm rounded-l-none"
              >
                Subscribe
              </button>
            </div>
          </div>
        </div>
      </div>
      <div
        class="rounded-none relative p-6 bg-charcoal shadow-sm border border-gold/30 p-6 space-y-4 md:col-span-2"
      >
        <h3
          class="text-gold font-medium"
        >
          Slider
        </h3>
        <p
          class="text-sm text-silver"
        >
          Range inputs with gold styling for selecting numeric values.
        </p>
        <div
          class="grid grid-cols-1 gap-6 md:grid-cols-2"
        >
          <div
            class="space-y-4"
          >
            <div>
              <label
                class="block text-sm font-medium text-silver mb-1.5"
              >
                Basic Slider
              </label>
              <div
                class="flex items-center gap-4"
              >
                <div
                  class="relative w-full py-2 flex-1"
                >
                  <div
                    class="relative w-full bg-charcoal border border-ash cursor-pointer h-2"
                  >
                    <div
                      class="absolute inset-y-0 left-0 bg-gold h-2"
                      style="width: 50%;"
                    />
                    <div
                      aria-disabled="false"
                      aria-valuemax="100"
                      aria-valuemin="0"
                      aria-valuenow="50"
                      class="absolute top-1/2 -translate-y-1/2 -translate-x-1/2 bg-gold border-2 border-gold-light rounded-full focus-visible:outline-none focus-visible:ring-2 focus-visible:ring-gold focus-visible:ring-offset-2 focus-visible:ring-offset-obsidian transition-transform duration-fast cursor-grab active:cursor-grabbing h-4 w-4"
                      role="slider"
                      style="left: 50%;"
                      tabindex="0"
                    />
                  </div>
                </div>
                <span
                  class="text-gold w-12 text-right"
                >
                  50
                </span>
              </div>
            </div>
            <div>
              <label
                class="block text-sm font-medium text-silver mb-1.5"
              >
                With Steps (step=10)
              </label>
              <div
                class="flex items-center gap-4"
              >
                <div
                  class="relative w-full py-2 flex-1"
                >
                  <div
                    class="relative w-full bg-charcoal border border-ash cursor-pointer h-2"
                  >
                    <div
                      class="absolute inset-y-0 left-0 bg-gold h-2"
                      style="width: 30%;"
                    />
                    <div
                      aria-disabled="false"
                      aria-valuemax="100"
                      aria-valuemin="0"
                      aria-valuenow="30"
                      class="absolute top-1/2 -translate-y-1/2 -translate-x-1/2 bg-gold border-2 border-gold-light rounded-full focus-visible:outline-none focus-visible:ring-2 focus-visible:ring-gold focus-visible:ring-offset-2 focus-visible:ring-offset-obsidian transition-transform duration-fast cursor-grab active:cursor-grabbing h-4 w-4"
                      role="slider"
                      style="left: 30%;"
                      tabindex="0"
                    />
                  </div>
                </div>
                <span
                  class="text-gold w-12 text-right"
                >
                  30
                </span>
              </div>
            </div>
          </div>
          <div
            class="space-y-4"
          >
            <div>
              <label
                class="block text-sm font-medium text-silver mb-1.5"
              >
                With Tooltip
              </label>
              <div
                class="relative w-full py-2"
              >
                <div
                  class="relative w-full bg-charcoal border border-ash cursor-pointer h-2"
                >
                  <div
                    class="absolute inset-y-0 left-0 bg-gold h-2"
                    style="width: 75%;"
                  />
                  <div
                    aria-disabled="false"
                    aria-valuemax="100"
                    aria-valuemin="0"
                    aria-valuenow="75"
                    class="absolute top-1/2 -translate-y-1/2 -translate-x-1/2 bg-gold border-2 border-gold-light rounded-full focus-visible:outline-none focus-visible:ring-2 focus-visible:ring-gold focus-visible:ring-offset-2 focus-visible:ring-offset-obsidian transition-transform duration-fast cursor-grab active:cursor-grabbing h-4 w-4"
                    role="slider"
                    style="left: 75%;"
                    tabindex="0"
                  />
                </div>
              </div>
            </div>
            <div>
              <label
                class="block text-sm font-medium text-silver mb-1.5"
              >
                Disabled
              </label>
              <div
                class="relative w-full py-2 opacity-50"
              >
                <div
                  class="relative w-full bg-charcoal border border-ash cursor-pointer h-2"
                >
                  <div
                    class="absolute inset-y-0 left-0 bg-gold h-2"
                    style="width: 60%;"
                  />
                  <div
                    aria-disabled="true"
                    aria-valuemax="100"
                    aria-valuemin="0"
                    aria-valuenow="60"
                    class="absolute top-1/2 -translate-y-1/2 -translate-x-1/2 bg-gold border-2 border-gold-light rounded-full focus-visible:outline-none focus-visible:ring-2 focus-visible:ring-gold focus-visible:ring-offset-2 focus-visible:ring-offset-obsidian transition-transform duration-fast h-4 w-4"
                    role="slider"
                    style="left: 60%;"
                    tabindex="-1"
                  />
                </div>
              </div>
            </div>
          </div>
        </div>
      </div>
      <div
        class="rounded-none relative p-6 bg-charcoal shadow-sm border border-gold/30 p-6 space-y-4"
      >
        <h3
          class="text-gold font-medium"
        >
          Select
        </h3>
        <div>
          <label
            class="block text-sm font-medium text-silver mb-1.5"
          >
            Standard Select
          </label>
          <select
            class="appearance-none bg-graphite border border-ash rounded-none text-white px-3 py-2 pr-8 focus:border-gold focus:ring-1 focus:ring-gold focus:outline-none disabled:opacity-50 disabled:cursor-not-allowed"
            style="background-repeat: no-repeat; background-size: 1.5em 1.5em;"
          >
            <option
              value="1"
            >
              Option 1
            </option>
            <option
              value="2"
            >
              Option 2
            </option>
            <option
              value="3"
            >
              Option 3
            </option>
          </select>
          <p
            class="mt-1.5 text-xs text-silver"
          >
            Select an option from the list.
          </p>
        </div>
        <div>
          <label
            class="block text-sm font-medium text-silver mb-1.5"
          >
            Error State
          </label>
          <select
            class="appearance-none bg-graphite border border-ash rounded-none text-white px-3 py-2 pr-8 focus:border-gold focus:ring-1 focus:ring-gold focus:outline-none disabled:opacity-50 disabled:cursor-not-allowed border-error focus:border-error focus:ring-error"
            style="background-repeat: no-repeat; background-size: 1.5em 1.5em;"
          >
            <option
              value="1"
            >
              Invalid Selection
            </option>
          </select>
          <p
            class="mt-1.5 text-xs text-error"
          >
            This field is required.
          </p>
        </div>
      </div>
      <div
        class="rounded-none relative p-6 bg-charcoal shadow-sm border border-gold/30 p-6 space-y-4"
      >
        <h3
          class="text-gold font-medium"
        >
          Textarea
        </h3>
        <div>
          <label
            class="block text-sm font-medium text-silver mb-1.5"
          >
            Description
          </label>
          <textarea
            class="w-full px-3 py-2 bg-graphite border border-ash rounded-none text-white placeholder:text-zinc min-h-[80px] transition-all duration-fast focus:border-gold focus:ring-1 focus:ring-gold focus:outline-none disabled:bg-slate disabled:text-dim disabled:cursor-not-allowed"
            placeholder="Enter a description..."
            rows="3"
          />
        </div>
        <div>
          <label
            class="block text-sm font-medium text-silver mb-1.5"
          >
            Error State
          </label>
          <textarea
            class="w-full px-3 py-2 bg-graphite border border-ash rounded-none text-white placeholder:text-zinc min-h-[80px] transition-all duration-fast focus:border-gold focus:ring-1 focus:ring-gold focus:outline-none disabled:bg-slate disabled:text-dim disabled:cursor-not-allowed border-error focus:border-error focus:ring-error"
            placeholder="Invalid input..."
            rows="3"
          />
          <p
            class="mt-1.5 text-xs text-error"
          >
            Please provide more details.
          </p>
        </div>
      </div>
      <div
        class="rounded-none relative p-6 bg-charcoal shadow-sm border border-gold/30 p-6 space-y-6"
      >
        <h3
          class="text-gold font-medium"
        >
          Toggles
        </h3>
        <div
          class="space-y-2"
        >
          <div
            class="font-medium text-sm text-silver mb-2"
          >
            Checkbox
          </div>
          <div
            class="flex items-center"
          >
            <input
              class="appearance-none h-4 w-4 border border-ash rounded-sm bg-graphite checked:bg-gold checked:border-gold focus:ring-1 focus:ring-gold focus:ring-offset-1 focus:ring-offset-obsidian transition duration-200 ease-in-out cursor-pointer disabled:opacity-50 disabled:cursor-not-allowed"
              id="3llllllll"
              style="background-position: center; background-size: contain; background-repeat: no-repeat;"
              type="checkbox"
            />
            <label
              class="ml-2 text-sm text-silver cursor-pointer select-none"
              for="3llllllll"
            >
              Accept terms and conditions
            </label>
          </div>
          <div
            class="flex items-center"
          >
            <input
              checked=""
              class="appearance-none h-4 w-4 border border-ash rounded-sm bg-graphite checked:bg-gold checked:border-gold focus:ring-1 focus:ring-gold focus:ring-offset-1 focus:ring-offset-obsidian transition duration-200 ease-in-out cursor-pointer disabled:opacity-50 disabled:cursor-not-allowed"
              id="777777777"
              style="background-position: center; background-size: contain; background-repeat: no-repeat;"
              type="checkbox"
            />
            <label
              class="ml-2 text-sm text-silver cursor-pointer select-none"
              for="777777777"
            >
              Subscribe to newsletter
            </label>
          </div>
          <div
            class="flex items-center"
          >
            <input
              class="appearance-none h-4 w-4 border border-ash rounded-sm bg-graphite checked:bg-gold checked:border-gold focus:ring-1 focus:ring-gold focus:ring-offset-1 focus:ring-offset-obsidian transition duration-200 ease-in-out cursor-pointer disabled:opacity-50 disabled:cursor-not-allowed"
              disabled=""
              id="assssssss"
              style="background-position: center; background-size: contain; background-repeat: no-repeat;"
              type="checkbox"
            />
            <label
              class="ml-2 text-sm text-silver cursor-pointer select-none"
              for="assssssss"
            >
              Disabled
            </label>
          </div>
        </div>
        <div
          class="space-y-2"
        >
          <div
            class="font-medium text-sm text-silver mb-2"
          >
            Radio
          </div>
          <div
            class="flex gap-4"
          >
            <div
              class="flex items-center"
            >
              <input
                class="appearance-none h-4 w-4 border border-ash rounded-full bg-graphite checked:bg-gold checked:border-gold focus:ring-1 focus:ring-gold focus:ring-offset-1 focus:ring-offset-obsidian transition duration-200 ease-in-out cursor-pointer disabled:opacity-50 disabled:cursor-not-allowed"
                id="plan"
                name="plan"
                style="background-position: center; background-size: contain; background-repeat: no-repeat;"
                type="radio"
              />
              <label
                class="ml-2 text-sm text-silver cursor-pointer select-none"
                for="plan"
              >
                Free
              </label>
            </div>
            <div
              class="flex items-center"
            >
              <input
                checked=""
                class="appearance-none h-4 w-4 border border-ash rounded-full bg-graphite checked:bg-gold checked:border-gold focus:ring-1 focus:ring-gold focus:ring-offset-1 focus:ring-offset-obsidian transition duration-200 ease-in-out cursor-pointer disabled:opacity-50 disabled:cursor-not-allowed"
                id="plan"
                name="plan"
                style="background-position: center; background-size: contain; background-repeat: no-repeat;"
                type="radio"
              />
              <label
                class="ml-2 text-sm text-silver cursor-pointer select-none"
                for="plan"
              >
                Pro
              </label>
            </div>
            <div
              class="flex items-center"
            >
              <input
                class="appearance-none h-4 w-4 border border-ash rounded-full bg-graphite checked:bg-gold checked:border-gold focus:ring-1 focus:ring-gold focus:ring-offset-1 focus:ring-offset-obsidian transition duration-200 ease-in-out cursor-pointer disabled:opacity-50 disabled:cursor-not-allowed"
                disabled=""
                id="plan"
                name="plan"
                style="background-position: center; background-size: contain; background-repeat: no-repeat;"
                type="radio"
              />
              <label
                class="ml-2 text-sm text-silver cursor-pointer select-none"
                for="plan"
              >
                Enterprise
              </label>
            </div>
          </div>
        </div>
        <div
          class="space-y-2"
        >
          <div
            class="font-medium text-sm text-silver mb-2"
          >
            Switch
          </div>
          <div
            class="flex flex-wrap gap-8"
          >
            <div
              class="flex items-center gap-2"
            >
              <button
                aria-checked="false"
                class="relative inline-flex h-6 w-11 shrink-0 cursor-pointer rounded-full border-2 border-transparent transition-colors duration-200 ease-in-out focus:outline-none focus-visible:ring-2 focus-visible:ring-gold focus-visible:ring-offset-2 focus-visible:ring-offset-obsidian disabled:opacity-50 disabled:cursor-not-allowed bg-charcoal"
                data-state="unchecked"
                role="switch"
                type="button"
              >
                <span
                  class="pointer-events-none inline-block h-5 w-5 transform rounded-full bg-white shadow ring-0 transition duration-200 ease-in-out translate-x-0"
                />
              </button>
              <span
                class="text-sm text-silver cursor-pointer"
              >
                Notifications
              </span>
            </div>
            <div
              class="flex items-center gap-2"
            >
              <button
                aria-checked="true"
                class="relative inline-flex h-6 w-11 shrink-0 cursor-pointer rounded-full border-2 border-transparent transition-colors duration-200 ease-in-out focus:outline-none focus-visible:ring-2 focus-visible:ring-gold focus-visible:ring-offset-2 focus-visible:ring-offset-obsidian disabled:opacity-50 disabled:cursor-not-allowed bg-gold"
                data-state="checked"
                role="switch"
                type="button"
              >
                <span
                  class="pointer-events-none inline-block h-5 w-5 transform rounded-full bg-white shadow ring-0 transition duration-200 ease-in-out translate-x-5"
                />
              </button>
              <span
                class="text-sm text-silver cursor-pointer"
              >
                Dark Mode
              </span>
            </div>
            <div
              class="flex items-center gap-2"
            >
              <button
                aria-checked="false"
                class="relative inline-flex h-6 w-11 shrink-0 cursor-pointer rounded-full border-2 border-transparent transition-colors duration-200 ease-in-out focus:outline-none focus-visible:ring-2 focus-visible:ring-gold focus-visible:ring-offset-2 focus-visible:ring-offset-obsidian disabled:opacity-50 disabled:cursor-not-allowed bg-charcoal"
                data-state="unchecked"
                disabled=""
                role="switch"
                type="button"
              >
                <span
                  class="pointer-events-none inline-block h-5 w-5 transform rounded-full bg-white shadow ring-0 transition duration-200 ease-in-out translate-x-0"
                />
              </button>
              <span
                class="text-sm text-silver cursor-pointer"
              >
                Disabled
              </span>
            </div>
          </div>
        </div>
      </div>
    </div>
  </section>
</div>
`;
